gunshot_classification_noisy_only_model/M60/model.linear M60
gunshot_classification_noisy_only_model/G36C/model.linear G36C
gunshot_classification_noisy_only_model/Desert_Eagle/model.linear Desert_Eagle
gunshot_classification_noisy_only_model/background/model.linear background
gunshot_classification_noisy_only_model/AUG/model.linear AUG
gunshot_classification_noisy_only_model/M4/model.linear M4
gunshot_classification_noisy_only_model/Glock_18/model.linear Glock_18
gunshot_classification_noisy_only_model/Shotgun/model.linear Shotgun
gunshot_classification_noisy_only_model/USP/model.linear USP
gunshot_classification_noisy_only_model/M16/model.linear M16
gunshot_classification_noisy_only_model/AK_47/model.linear AK_47
gunshot_classification_noisy_only_model/Sniper/model.linear Sniper
gunshot_classification_noisy_only_model/MP5/model.linear MP5
gunshot_classification_noisy_only_model/P90/model.linear P90
gunshot_classification_noisy_only_model/M9_Pistol/model.linear M9_Pistol
gunshot_classification_noisy_only_model/Magnum_gun/model.linear Magnum_gun
gunshot_classification_noisy_only_model/UZI/model.linear UZI
gunshot_classification_noisy_only_model/M249/model.linear M249
gunshot_classification_noisy_only_model/Mac_10/model.linear Mac_10
